// Jest Snapshot v1, https://goo.gl/fbAQLP

exports[`type searches are fetched and parsed correctly 1`] = `
[
  {
    "displayFields": [
      "accessionNumber",
    ],
    "format": "%s",
    "formatter": "",
    "name": "AccessionCO",
    "searchFields": [
      [
        "[literalField accessionNumber]",
      ],
    ],
    "table": "[table Accession]",
    "title": "Searched fields: Accession #",
  },
  {
    "displayFields": [
      "lastName",
      "firstName",
    ],
    "format": "%s, %s",
    "formatter": "Agent",
    "name": "Agent",
    "searchFields": [
      [
        "[literalField lastName]",
      ],
    ],
    "table": "[table Agent]",
    "title": "Searched fields: Last Name",
  },
  {
    "displayFields": [
      "lastName",
      "firstName",
    ],
    "format": "%s, %s",
    "formatter": "Agent",
    "name": "AgentSSPU",
    "searchFields": [
      [
        "[literalField lastName]",
      ],
    ],
    "table": "[table Agent]",
    "title": "Searched fields: Last Name",
  },
  {
    "displayFields": [
      "appraisalNumber",
    ],
    "format": "%s",
    "formatter": "",
    "name": "Appraisal",
    "searchFields": [
      [
        "[literalField appraisalNumber]",
      ],
    ],
    "table": "[table Appraisal]",
    "title": "Searched fields: Appraisal Number",
  },
  {
    "displayFields": [
      "schemeName",
    ],
    "format": "%s",
    "formatter": "",
    "name": "AutoNumberingScheme",
    "searchFields": [
      [
        "[literalField schemeName]",
      ],
    ],
    "table": "[table AutoNumberingScheme]",
    "title": "Searched fields: Schema Name",
  },
  {
    "displayFields": [
      "fullName",
    ],
    "format": "%s",
    "formatter": "",
    "name": "BioStrat",
    "searchFields": [
      [
        "[literalField name]",
      ],
    ],
    "table": "[table GeologicTimePeriod]",
    "title": "Searched fields: Name",
  },
  {
    "displayFields": [
      "schemeName",
    ],
    "format": "%s",
    "formatter": "",
    "name": "CatAutoNumberingScheme",
    "searchFields": [
      [
        "[literalField schemeName]",
      ],
    ],
    "table": "[table AutoNumberingScheme]",
    "title": "Searched fields: Schema Name",
  },
  {
    "displayFields": [
      "fullName",
    ],
    "format": "%s",
    "formatter": "",
    "name": "ChronosStrat",
    "searchFields": [
      [
        "[literalField name]",
      ],
    ],
    "table": "[table GeologicTimePeriod]",
    "title": "Searched fields: Name",
  },
  {
    "displayFields": [
      "stationFieldNumber",
      "startDate",
      "loc.localityName",
      "geo.fullName",
    ],
    "format": "%s; %s; %s; %s",
    "formatter": "",
    "name": "CollectingEvent",
    "searchFields": [
      [
        "[literalField stationFieldNumber]",
      ],
    ],
    "table": "[table CollectingEvent]",
    "title": "Searched fields: Field Number",
  },
  {
    "displayFields": [
      "text1",
      "text2",
      "number1",
    ],
    "format": "%s:%s:%s",
    "formatter": "CollectingTrip",
    "name": "CollectingTrip",
    "searchFields": [
      [
        "[literalField collectingTripName]",
      ],
    ],
    "table": "[table CollectingTrip]",
    "title": "Searched fields: Trip Name",
  },
  {
    "displayFields": [
      "catalogNumber",
    ],
    "format": "",
    "formatter": "CollectionObject",
    "name": "CollectionObject",
    "searchFields": [
      [
        "[literalField catalogNumber]",
      ],
    ],
    "table": "[table CollectionObject]",
    "title": "Searched fields: Cat #",
  },
  {
    "displayFields": [
      "name",
    ],
    "format": "%s",
    "formatter": "",
    "name": "Container",
    "searchFields": [
      [
        "[literalField name]",
      ],
    ],
    "table": "[table Container]",
    "title": "Searched fields: Name",
  },
  {
    "displayFields": [
      "name",
    ],
    "format": "%s",
    "formatter": "",
    "name": "ContainerOwner",
    "searchFields": [
      [
        "[literalField name]",
      ],
    ],
    "table": "[table Container]",
    "title": "Searched fields: Name",
  },
  {
    "displayFields": [
      "primerDesignator",
    ],
    "format": "%s",
    "formatter": "",
    "name": "DNAPrimer",
    "searchFields": [
      [
        "[literalField primerDesignator]",
      ],
    ],
    "table": "[table DNAPrimer]",
    "title": "Searched fields: Primer Designator",
  },
  {
    "displayFields": [
      "deaccessionNumber",
    ],
    "format": "%s",
    "formatter": "Deaccession",
    "name": "Deaccession",
    "searchFields": [
      [
        "[literalField deaccessionNumber]",
      ],
    ],
    "table": "[table Deaccession]",
    "title": "Searched fields: Deacc #",
  },
  {
    "displayFields": [
      "name",
    ],
    "format": "%s",
    "formatter": "",
    "name": "Discipline",
    "searchFields": [
      [
        "[literalField name]",
      ],
    ],
    "table": "[table Discipline]",
    "title": "Searched fields: Name",
  },
  {
    "displayFields": [
      "disposalNumber",
    ],
    "format": "%s",
    "formatter": "Disposal",
    "name": "Disposal",
    "searchFields": [
      [
        "[literalField disposalNumber]",
      ],
    ],
    "table": "[table Disposal]",
    "title": "Searched fields: disposalNumber",
  },
  {
    "displayFields": [
      "name",
    ],
    "format": "%s",
    "formatter": "",
    "name": "Division",
    "searchFields": [
      [
        "[literalField name]",
      ],
    ],
    "table": "[table Division]",
    "title": "Searched fields: Name",
  },
  {
    "displayFields": [
      "title",
    ],
    "format": "%s",
    "formatter": "",
    "name": "Exsiccata",
    "searchFields": [
      [
        "[literalField title]",
      ],
    ],
    "table": "[table Exsiccata]",
    "title": "Searched fields: Title",
  },
  {
    "displayFields": [
      "fnbp.pageNumber",
      "fnb.name",
    ],
    "format": "%s - %s",
    "formatter": "FieldNotebookPage",
    "name": "FieldNotebookPage",
    "searchFields": [
      [
        "[literalField pageNumber]",
      ],
    ],
    "table": "[table FieldNotebookPage]",
    "title": "Searched fields: Page Number",
  },
  {
    "displayFields": [
      "fullName",
    ],
    "format": "%s",
    "formatter": "Geography",
    "name": "Geography",
    "searchFields": [
      [
        "[literalField name]",
      ],
    ],
    "table": "[table Geography]",
    "title": "Searched fields: Name",
  },
  {
    "displayFields": [
      "fullName",
    ],
    "format": "%s",
    "formatter": "",
    "name": "GeologicTimePeriod",
    "searchFields": [
      [
        "[literalField name]",
      ],
    ],
    "table": "[table GeologicTimePeriod]",
    "title": "Searched fields: Name",
  },
  {
    "displayFields": [
      "journalName",
    ],
    "format": "%s",
    "formatter": "",
    "name": "Journal",
    "searchFields": [
      [
        "[literalField journalName]",
      ],
    ],
    "table": "[table Journal]",
    "title": "Searched fields: Journal Name",
  },
  {
    "displayFields": [
      "fullName",
    ],
    "format": "%s",
    "formatter": "",
    "name": "LithoStrat",
    "searchFields": [
      [
        "[literalField name]",
      ],
    ],
    "table": "[table LithoStrat]",
    "title": "Searched fields: Name",
  },
  {
    "displayFields": [
      "localityName",
      "geo.fullName",
    ],
    "format": "%s;  %s",
    "formatter": "Locality",
    "name": "Locality",
    "searchFields": [
      [
        "[literalField localityName]",
      ],
    ],
    "table": "[table Locality]",
    "title": "Searched fields: Locality Name",
  },
  {
    "displayFields": [
      "viewName",
    ],
    "format": "%s",
    "formatter": "",
    "name": "MorphBankView",
    "searchFields": [
      [
        "[literalField viewName]",
      ],
    ],
    "table": "[table MorphBankView]",
    "title": "Searched fields: View Name",
  },
  {
    "displayFields": [
      "paleoContextName",
      "cs.fullName",
      "cse.fullName",
      "ls.fullName",
    ],
    "format": "%s, %s, %s, %s",
    "formatter": "PaleoContext",
    "name": "PaleoContext",
    "searchFields": [
      [
        "[literalField paleoContextName]",
      ],
      [
        "[relationship chronosStrat]",
        "[literalField fullName]",
      ],
      [
        "[relationship lithoStrat]",
        "[literalField fullName]",
      ],
    ],
    "table": "[table PaleoContext]",
    "title": "Searched fields: Context Name, Chronostratigraphy / Full Name, and Lithostratigraphy / Full Name",
  },
  {
    "displayFields": [
      "permitNumber",
    ],
    "format": "%s",
    "formatter": "",
    "name": "Permit",
    "searchFields": [
      [
        "[literalField permitNumber]",
      ],
    ],
    "table": "[table Permit]",
    "title": "Searched fields: Permit Number",
  },
  {
    "displayFields": [
      "name",
    ],
    "format": "%s",
    "formatter": "",
    "name": "PrepType",
    "searchFields": [
      [
        "[literalField name]",
      ],
    ],
    "table": "[table PrepType]",
    "title": "Searched fields: Name",
  },
  {
    "displayFields": [
      "title",
    ],
    "format": "%s",
    "formatter": "",
    "name": "ReferenceWork",
    "searchFields": [
      [
        "[literalField title]",
      ],
    ],
    "table": "[table ReferenceWork]",
    "title": "Searched fields: Title",
  },
  {
    "displayFields": [
      "repositoryAgreementNumber",
    ],
    "format": "%s",
    "formatter": "",
    "name": "RepositoryAgreement",
    "searchFields": [
      [
        "[literalField repositoryAgreementNumber]",
      ],
    ],
    "table": "[table RepositoryAgreement]",
    "title": "Searched fields: RA Number",
  },
  {
    "displayFields": [
      "fullName",
    ],
    "format": "%s",
    "formatter": "",
    "name": "Storage",
    "searchFields": [
      [
        "[literalField name]",
      ],
    ],
    "table": "[table Storage]",
    "title": "Searched fields: Name",
  },
  {
    "displayFields": [
      "fullName",
    ],
    "format": "%s",
    "formatter": "Taxon",
    "name": "Taxon",
    "searchFields": [
      [
        "[literalField fullName]",
      ],
    ],
    "table": "[table Taxon]",
    "title": "Searched fields: Full Name",
  },
  {
    "displayFields": [
      "name",
    ],
    "format": "%s",
    "formatter": "",
    "name": "TaxonTreeDefItem",
    "searchFields": [
      [
        "[literalField name]",
      ],
    ],
    "table": "[table TaxonTreeDefItem]",
    "title": "Searched fields: Name",
  },
]
`;
