// Jest Snapshot v1, https://goo.gl/fbAQLP

exports[`field formatters are fetched and parsed correctly 1`] = `
{
  "AccessionNumber": UiFormatter {
    "field": "[literalField Accession.accessionNumber]",
    "isSystem": true,
    "parts": [
      YearPart {
        "autoIncrement": false,
        "byYear": true,
        "placeholder": "YEAR",
        "regexPlaceholder": undefined,
        "size": 4,
        "type": "year",
      },
      SeparatorPart {
        "autoIncrement": false,
        "byYear": false,
        "placeholder": "-",
        "regexPlaceholder": undefined,
        "size": 1,
        "type": "constant",
      },
      AlphaNumberPart {
        "autoIncrement": false,
        "byYear": false,
        "placeholder": "AA",
        "regexPlaceholder": undefined,
        "size": 2,
        "type": "alpha",
      },
      SeparatorPart {
        "autoIncrement": false,
        "byYear": false,
        "placeholder": "-",
        "regexPlaceholder": undefined,
        "size": 1,
        "type": "constant",
      },
      NumericPart {
        "autoIncrement": true,
        "byYear": false,
        "placeholder": "###",
        "regexPlaceholder": undefined,
        "size": 3,
        "type": "numeric",
      },
    ],
    "table": "[table Accession]",
    "title": "AccessionNumber",
  },
  "AccessionNumberByYear": UiFormatter {
    "field": "[literalField Accession.accessionNumber]",
    "isSystem": true,
    "parts": [
      YearPart {
        "autoIncrement": false,
        "byYear": true,
        "placeholder": "YEAR",
        "regexPlaceholder": undefined,
        "size": 4,
        "type": "year",
      },
      SeparatorPart {
        "autoIncrement": false,
        "byYear": false,
        "placeholder": "-",
        "regexPlaceholder": undefined,
        "size": 1,
        "type": "constant",
      },
      AlphaNumberPart {
        "autoIncrement": false,
        "byYear": false,
        "placeholder": "AA",
        "regexPlaceholder": undefined,
        "size": 2,
        "type": "alpha",
      },
      SeparatorPart {
        "autoIncrement": false,
        "byYear": false,
        "placeholder": "-",
        "regexPlaceholder": undefined,
        "size": 1,
        "type": "constant",
      },
      AlphaNumberPart {
        "autoIncrement": false,
        "byYear": false,
        "placeholder": "AAA",
        "regexPlaceholder": undefined,
        "size": 3,
        "type": "alpha",
      },
    ],
    "table": "[table Accession]",
    "title": "AccessionNumberByYear",
  },
  "AccessionStringFormatter": UiFormatter {
    "field": "[literalField Accession.accessionNumber]",
    "isSystem": true,
    "parts": [
      AlphaNumberPart {
        "autoIncrement": false,
        "byYear": false,
        "placeholder": "AAAAAAAAAA",
        "regexPlaceholder": undefined,
        "size": 10,
        "type": "alpha",
      },
    ],
    "table": "[table Accession]",
    "title": "AccessionStringFormatter",
  },
  "CatalogNumber": UiFormatter {
    "field": "[literalField CollectionObject.catalogNumber]",
    "isSystem": false,
    "parts": [
      YearPart {
        "autoIncrement": false,
        "byYear": false,
        "placeholder": "YEAR",
        "regexPlaceholder": undefined,
        "size": 4,
        "type": "year",
      },
      SeparatorPart {
        "autoIncrement": false,
        "byYear": false,
        "placeholder": "-",
        "regexPlaceholder": undefined,
        "size": 1,
        "type": "constant",
      },
      NumericPart {
        "autoIncrement": true,
        "byYear": false,
        "placeholder": "######",
        "regexPlaceholder": undefined,
        "size": 6,
        "type": "numeric",
      },
    ],
    "table": "[table CollectionObject]",
    "title": "CatalogNumber",
  },
  "CatalogNumberAlphaNumByYear": UiFormatter {
    "field": "[literalField CollectionObject.catalogNumber]",
    "isSystem": false,
    "parts": [
      YearPart {
        "autoIncrement": false,
        "byYear": true,
        "placeholder": "YEAR",
        "regexPlaceholder": undefined,
        "size": 4,
        "type": "year",
      },
      SeparatorPart {
        "autoIncrement": false,
        "byYear": false,
        "placeholder": "-",
        "regexPlaceholder": undefined,
        "size": 1,
        "type": "constant",
      },
      NumericPart {
        "autoIncrement": true,
        "byYear": false,
        "placeholder": "######",
        "regexPlaceholder": undefined,
        "size": 6,
        "type": "numeric",
      },
    ],
    "table": "[table CollectionObject]",
    "title": "CatalogNumberAlphaNumByYear",
  },
  "CatalogNumberNumeric": CatalogNumberNumeric {
    "field": "[literalField CollectionObject.catalogNumber]",
    "isSystem": true,
    "parts": [
      CatalogNumberNumericField {
        "autoIncrement": true,
        "byYear": false,
        "placeholder": "#########",
        "regexPlaceholder": undefined,
        "size": 9,
        "type": "numeric",
      },
    ],
    "table": "[table CollectionObject]",
    "title": "Catalog Number Numeric",
  },
  "CatalogNumberNumericRegex": UiFormatter {
    "field": "[literalField CollectionObject.catalogNumber]",
    "isSystem": false,
    "parts": [
      RegexPart {
        "autoIncrement": false,
        "byYear": false,
        "placeholder": "[0-9]{4}(-[A-Z])?",
        "regexPlaceholder": "####[-A]",
        "size": 1,
        "type": "regex",
      },
    ],
    "table": "[table CollectionObject]",
    "title": "CatalogNumberNumericRegex",
  },
  "Date": UiFormatter {
    "field": undefined,
    "isSystem": true,
    "parts": [],
    "table": undefined,
    "title": "Date",
  },
  "DeaccessionNumber": UiFormatter {
    "field": "[literalField Deaccession.deaccessionNumber]",
    "isSystem": true,
    "parts": [
      YearPart {
        "autoIncrement": false,
        "byYear": true,
        "placeholder": "YEAR",
        "regexPlaceholder": undefined,
        "size": 4,
        "type": "year",
      },
      SeparatorPart {
        "autoIncrement": false,
        "byYear": false,
        "placeholder": "-",
        "regexPlaceholder": undefined,
        "size": 1,
        "type": "constant",
      },
      AlphaNumberPart {
        "autoIncrement": false,
        "byYear": false,
        "placeholder": "AA",
        "regexPlaceholder": undefined,
        "size": 2,
        "type": "alpha",
      },
      SeparatorPart {
        "autoIncrement": false,
        "byYear": false,
        "placeholder": "-",
        "regexPlaceholder": undefined,
        "size": 1,
        "type": "constant",
      },
      NumericPart {
        "autoIncrement": false,
        "byYear": false,
        "placeholder": "###",
        "regexPlaceholder": undefined,
        "size": 3,
        "type": "numeric",
      },
    ],
    "table": "[table Deaccession]",
    "title": "DeaccessionNumber",
  },
  "GiftNumber": UiFormatter {
    "field": "[literalField Gift.giftNumber]",
    "isSystem": true,
    "parts": [
      YearPart {
        "autoIncrement": false,
        "byYear": true,
        "placeholder": "YEAR",
        "regexPlaceholder": undefined,
        "size": 4,
        "type": "year",
      },
      SeparatorPart {
        "autoIncrement": false,
        "byYear": false,
        "placeholder": "-",
        "regexPlaceholder": undefined,
        "size": 1,
        "type": "constant",
      },
      NumericPart {
        "autoIncrement": true,
        "byYear": false,
        "placeholder": "###",
        "regexPlaceholder": undefined,
        "size": 3,
        "type": "numeric",
      },
    ],
    "table": "[table Gift]",
    "title": "GiftNumber",
  },
  "InfoRequestNumber": UiFormatter {
    "field": "[literalField InfoRequest.infoReqNumber]",
    "isSystem": true,
    "parts": [
      YearPart {
        "autoIncrement": false,
        "byYear": true,
        "placeholder": "YEAR",
        "regexPlaceholder": undefined,
        "size": 4,
        "type": "year",
      },
      SeparatorPart {
        "autoIncrement": false,
        "byYear": false,
        "placeholder": "-",
        "regexPlaceholder": undefined,
        "size": 1,
        "type": "constant",
      },
      NumericPart {
        "autoIncrement": true,
        "byYear": false,
        "placeholder": "###",
        "regexPlaceholder": undefined,
        "size": 3,
        "type": "numeric",
      },
    ],
    "table": "[table InfoRequest]",
    "title": "InfoRequestNumber",
  },
  "KUITeach": CatalogNumberNumeric {
    "field": "[literalField CollectionObject.catalogNumber]",
    "isSystem": true,
    "parts": [
      CatalogNumberNumericField {
        "autoIncrement": true,
        "byYear": false,
        "placeholder": "#########",
        "regexPlaceholder": undefined,
        "size": 9,
        "type": "numeric",
      },
    ],
    "table": "[table CollectionObject]",
    "title": "Catalog Number Numeric",
  },
  "LoanNumber": UiFormatter {
    "field": "[literalField Loan.loanNumber]",
    "isSystem": true,
    "parts": [
      YearPart {
        "autoIncrement": false,
        "byYear": true,
        "placeholder": "YEAR",
        "regexPlaceholder": undefined,
        "size": 4,
        "type": "year",
      },
      SeparatorPart {
        "autoIncrement": false,
        "byYear": false,
        "placeholder": "-",
        "regexPlaceholder": undefined,
        "size": 1,
        "type": "constant",
      },
      NumericPart {
        "autoIncrement": true,
        "byYear": false,
        "placeholder": "###",
        "regexPlaceholder": undefined,
        "size": 3,
        "type": "numeric",
      },
    ],
    "table": "[table Loan]",
    "title": "LoanNumber",
  },
  "NumericBigDecimal": UiFormatter {
    "field": undefined,
    "isSystem": true,
    "parts": [
      NumericPart {
        "autoIncrement": false,
        "byYear": false,
        "placeholder": "###############",
        "regexPlaceholder": undefined,
        "size": 15,
        "type": "numeric",
      },
    ],
    "table": undefined,
    "title": "NumericBigDecimal",
  },
  "NumericByte": UiFormatter {
    "field": undefined,
    "isSystem": true,
    "parts": [
      NumericPart {
        "autoIncrement": false,
        "byYear": false,
        "placeholder": "###",
        "regexPlaceholder": undefined,
        "size": 3,
        "type": "numeric",
      },
    ],
    "table": undefined,
    "title": "NumericByte",
  },
  "NumericDouble": UiFormatter {
    "field": undefined,
    "isSystem": true,
    "parts": [
      NumericPart {
        "autoIncrement": false,
        "byYear": false,
        "placeholder": "##########",
        "regexPlaceholder": undefined,
        "size": 10,
        "type": "numeric",
      },
    ],
    "table": undefined,
    "title": "NumericDouble",
  },
  "NumericFloat": UiFormatter {
    "field": undefined,
    "isSystem": true,
    "parts": [
      NumericPart {
        "autoIncrement": false,
        "byYear": false,
        "placeholder": "##########",
        "regexPlaceholder": undefined,
        "size": 10,
        "type": "numeric",
      },
    ],
    "table": undefined,
    "title": "NumericFloat",
  },
  "NumericInteger": UiFormatter {
    "field": undefined,
    "isSystem": true,
    "parts": [
      NumericPart {
        "autoIncrement": false,
        "byYear": false,
        "placeholder": "##########",
        "regexPlaceholder": undefined,
        "size": 10,
        "type": "numeric",
      },
    ],
    "table": undefined,
    "title": "NumericInteger",
  },
  "NumericLong": UiFormatter {
    "field": undefined,
    "isSystem": true,
    "parts": [
      NumericPart {
        "autoIncrement": false,
        "byYear": false,
        "placeholder": "##########",
        "regexPlaceholder": undefined,
        "size": 10,
        "type": "numeric",
      },
    ],
    "table": undefined,
    "title": "NumericLong",
  },
  "NumericShort": UiFormatter {
    "field": undefined,
    "isSystem": true,
    "parts": [
      NumericPart {
        "autoIncrement": false,
        "byYear": false,
        "placeholder": "#####",
        "regexPlaceholder": undefined,
        "size": 5,
        "type": "numeric",
      },
    ],
    "table": undefined,
    "title": "NumericShort",
  },
  "PartialDate": UiFormatter {
    "field": undefined,
    "isSystem": false,
    "parts": [],
    "table": undefined,
    "title": "PartialDate",
  },
  "PartialDateMonth": UiFormatter {
    "field": undefined,
    "isSystem": false,
    "parts": [],
    "table": undefined,
    "title": "PartialDateMonth",
  },
  "PartialDateYear": UiFormatter {
    "field": undefined,
    "isSystem": false,
    "parts": [],
    "table": undefined,
    "title": "PartialDateYear",
  },
  "SearchDate": UiFormatter {
    "field": undefined,
    "isSystem": true,
    "parts": [],
    "table": undefined,
    "title": "SearchDate",
  },
}
`;
